1>La persona prioritaria es: 
Persona 1: persona, 1 aÃ±os
Evento 1: evento
Fecha: 1/1/1
Bien.
2>Fin.
