1>2>El árbol de personas está vacío.
3>4>5>6>7>8>El árbol de personas NO está vacío.
9>10>11>12>El árbol de personas NO está vacío.
13>14>15>16>17>18>19>El árbol de personas NO está vacío.
20>21>Fin.
