1>2>La cantidad de personas en el árbol es: 0.
3>4>5>6>7>8>9>10>Persona 5:  Persona5, 55 años
Evento 5:  Descripcion5
Fecha: 5/55/55
11>12>13>14>La cantidad de personas en el árbol es: 2.
15>Persona 5:  Persona5, 55 años
Evento 5:  Descripcion5
Fecha: 5/55/55
Persona 10:  Persona10, 100 años
16>17>18>19>La cantidad de personas en el árbol es: 3.
20>Persona 2:  Persona2, 22 años
Persona 5:  Persona5, 55 años
Evento 5:  Descripcion5
Fecha: 5/55/55
Persona 10:  Persona10, 100 años
21>22>23>24>25>26>27>28>29>30>31>32>33>Persona 1:  Persona1, 11 años
Persona 2:  Persona2, 22 años
Persona 3:  Persona3, 33 años
Persona 5:  Persona5, 55 años
Evento 5:  Descripcion5
Fecha: 5/55/55
Persona 7:  Persona7, 77 años
Persona 10:  Persona10, 100 años
Persona 20:  Persona20, 200 años
34>35>Fin.
