1>2>3>#  creo cuatro eventos para ingresarlos a la agenda de la persona.
4>5>6>7>8>9>10>11>12>13>14>15>16>Evento 1:  Descripcion uno
Fecha: 22/3/2023
Evento 2:  Descripcion dos
Fecha: 23/3/2023
Evento 3:  Descripcion tres
Fecha: 24/3/2023
Evento 4:  Descripcion cuatro
Fecha: 1/4/2023
17>#  posponer evento 1 tres dias.
18>19>Evento 2:  Descripcion dos
Fecha: 23/3/2023
Evento 3:  Descripcion tres
Fecha: 24/3/2023
Evento 1:  Descripcion uno
Fecha: 25/3/2023
Evento 4:  Descripcion cuatro
Fecha: 1/4/2023
20>#  remuevo el evento 2.
21>22>Evento 3:  Descripcion tres
Fecha: 24/3/2023
Evento 1:  Descripcion uno
Fecha: 25/3/2023
Evento 4:  Descripcion cuatro
Fecha: 1/4/2023
23>24>Fin.
