1>2>#  arbol vacio, retorna arbol vacio.
3>#  mayoresEdadArbolPersonas 3.
4>5>6>7>8>9>10>#  arbol con 1 elemento - maxId 5.
11>La persona con mayor id en el árbol es: 
Persona 5:  Persona5, 55 años
Evento 5:  Descripcion5
Fecha: 5/55/55
12>13>14>15>16>17>18>#  arbol con 3 elementos max Id 10.
19>La persona con mayor id en el árbol es: 
Persona 10:  Persona10, 100 años
20>#  arbol con mayores a 30 - 2 elementos.
21>Persona 5:  Persona5, 55 años
Evento 5:  Descripcion5
Fecha: 5/55/55
Persona 10:  Persona10, 100 años
22>23>24>25>26>27>28>29>30>31>32>33>34>#  arbol con mayores a 35 - 4 elementos.
35>Persona 5:  Persona5, 55 años
Evento 5:  Descripcion5
Fecha: 5/55/55
Persona 7:  Persona7, 77 años
Persona 10:  Persona10, 100 años
Persona 20:  Persona20, 200 años
36>#  remuevo la persona 20.
37>38>#  remuevo la persona 5.
39>40>#  remuevo la persona 2.
41>42>43>44>#  inserto la persona 4.
45>46>#  arbol con mayores a 35 - 3 elementos.
47>Persona 4:  Persona4, 44 años
Persona 7:  Persona7, 77 años
Persona 10:  Persona10, 100 años
48>49>Fin.
