1>2>3>4>5>6>7>8>9>10>11>12>13>14>15>16>17>18>19>20>La persona con id 3 está en la lista.
21>La persona con id 5 NO está en la lista.
22>La persona con id 2 está en la lista.
23>La persona con id 0 NO está en la lista.
24>Persona 3:  Persona3, 33 años
Evento 3:  Descripcion3
Fecha: 3/33/33
25>Persona 1:  Persona1, 11 años
Evento 1:  Descripcion1
Fecha: 1/11/11
26>27>Fin.
