1>2>3>4>5>6>7>8>#  arbol con 1 elemento - maxId 5.
9>La persona con mayor id en el árbol es: 
Persona 5:  Persona5, 55 años
Evento 5:  Descripcion5
Fecha: 5/55/55
10>11>12>13>14>15>16>#  arbol con 3 elementos - maxId 10.
17>La persona con mayor id en el árbol es: 
Persona 10:  Persona10, 100 años
18>19>20>21>22>23>24>25>26>27>28>29>30>#  arbol con 7 elementos - maxId 20.
31>La persona con mayor id en el árbol es: 
Persona 20:  Persona20, 200 años
32>#  arbol con 7 elementos.
33>Persona 1:  Persona1, 11 años
Persona 2:  Persona2, 22 años
Persona 3:  Persona3, 33 años
Persona 5:  Persona5, 55 años
Evento 5:  Descripcion5
Fecha: 5/55/55
Persona 7:  Persona7, 77 años
Persona 10:  Persona10, 100 años
Persona 20:  Persona20, 200 años
34>#  remuevo la persona 20.
35>36>Persona 1:  Persona1, 11 años
Persona 2:  Persona2, 22 años
Persona 3:  Persona3, 33 años
Persona 5:  Persona5, 55 años
Evento 5:  Descripcion5
Fecha: 5/55/55
Persona 7:  Persona7, 77 años
Persona 10:  Persona10, 100 años
37>#  remuevo la persona 5.
38>39>Persona 1:  Persona1, 11 años
Persona 2:  Persona2, 22 años
Persona 3:  Persona3, 33 años
Persona 7:  Persona7, 77 años
Persona 10:  Persona10, 100 años
40>#  remuevo la persona 2.
41>42>#  arbol con 4 elementos - maxId 10.
43>La persona con mayor id en el árbol es: 
Persona 10:  Persona10, 100 años
44>45>46>#  inserto la persona 4.
47>48>La cantidad de personas en el árbol es: 5.
49>Persona 1:  Persona1, 11 años
Persona 3:  Persona3, 33 años
Persona 4:  Persona4, 44 años
Persona 7:  Persona7, 77 años
Persona 10:  Persona10, 100 años
50>51>Fin.
