1>2>#  Construyo Pila.
3>4>5>6>7>8>9>10>11>12>#  Transformo lista en arbol.
13>Persona 2:  Romina, 2 años
Persona 7:  Carlos, 7 años
Persona 20:  Caroline, 20 años
14>Fin.
