1>2>#  Construyo arbol .
3>4>5>6>7>8>9>10>11>12>13>14>15>16>17>#  La maxima amplitud es 3.
18>La amplitud del Ã¡rbol es: 3.
19>20>Fin.
