1>2>#  Construyo arbol .
3>4>5>6>7>8>9>#  imprimo arbol.
10>Persona 2:  Romina, 2 años
Persona 7:  Carlos, 7 años
Persona 20:  Caroline, 20 años
11>#  Transformo arbol en lista.
12>Persona 7:  Carlos, 7 años
Persona 2:  Romina, 2 años
Persona 20:  Caroline, 20 años
13>14>Fin.
