1>2>La cantidad de personas en la pila es: 0.
3>4>5>6>7>8>9>La cantidad de personas en la pila es: 2.
10>11>Fin.
